<html>
<body>
<pre>
<h1>µVision Build Log</h1>
<h2>Tool Versions:</h2>
IDE-Version: ¦ÌVision V5.29.0.0
Copyright (C) 2019 ARM Ltd and ARM Germany GmbH. All rights reserved.
License Information: mingrui lv, lvmingrui, LIC=MPPLD-8554Z-8TE3P-MWSXE-KLD24-I0CSH
 
Tool Versions:
Toolchain:       MDK-ARM Plus  Version: 5.29.0.0
Toolchain Path:  C:\Keil_v5\ARM\ARMCLANG\Bin
C Compiler:      ArmClang.exe V6.13.1
Assembler:       Armasm.exe V6.13.1
Linker/Locator:  ArmLink.exe V6.13.1
Library Manager: ArmAr.exe V6.13.1
Hex Converter:   FromElf.exe V6.13.1
CPU DLL:         SARMCM3.DLL V5.29.0.0
Dialog DLL:      DCM.DLL V1.17.3.0
Target DLL:      UL2CM3.DLL V1.163.0.0
Dialog DLL:      TCM.DLL V1.36.5.0
 
<h2>Project:</h2>
C:\Users\lmryt\Desktop\boardtesting_add1111\wujihand-board-test-feature-v0.2\Code\JointTest_V0.5\MDK-ARM\JointTest_V0.5.uvprojx
Project File Date:  11/12/2025

<h2>Output:</h2>
*** Using Compiler 'V6.13.1', folder: 'C:\Keil_v5\ARM\ARMCLANG\Bin'
Rebuild target 'JointTest_V0.5'
assembling startup_stm32g431xx.s...
compiling gpio.c...
compiling stm32g4xx_ll_adc.c...
compiling tim.c...
compiling crc.c...
compiling dma.c...
compiling stm32g4xx_hal_msp.c...
compiling adc.c...
compiling stm32g4xx_hal.c...
compiling usart.c...
../Core/Src/main.c(30): warning: In file included from...
../BSP/UART/Inc\msuart.h(94): warning: redefinition of typedef 'MSUART' is a C11 feature [-Wtypedef-redefinition]
} MSUART;
  ^
../BSP/UART/Inc\msuart.h(67): note: previous definition is here
typedef struct _MSUART MSUART;
                       ^
1 warning generated.
compiling main.c...
compiling i2c.c...
compiling stm32g4xx_it.c...
compiling spi.c...
compiling stm32g4xx_hal_adc_ex.c...
compiling stm32g4xx_hal_rcc.c...
compiling stm32g4xx_hal_adc.c...
compiling stm32g4xx_hal_rcc_ex.c...
compiling stm32g4xx_hal_flash.c...
compiling stm32g4xx_hal_flash_ex.c...
compiling stm32g4xx_hal_flash_ramfunc.c...
compiling stm32g4xx_hal_dma_ex.c...
compiling stm32g4xx_hal_gpio.c...
compiling stm32g4xx_hal_exti.c...
compiling stm32g4xx_hal_pwr.c...
compiling stm32g4xx_hal_dma.c...
compiling stm32g4xx_hal_pwr_ex.c...
compiling stm32g4xx_hal_i2c_ex.c...
compiling stm32g4xx_hal_crc_ex.c...
compiling stm32g4xx_hal_crc.c...
compiling stm32g4xx_hal_cortex.c...
compiling stm32g4xx_hal_spi_ex.c...
compiling stm32g4xx_hal_spi.c...
compiling system_stm32g4xx.c...
compiling stm32g4xx_hal_uart_ex.c...
compiling bsp_crc.c...
compiling bsp_adc.c...
compiling stm32g4xx_hal_i2c.c...
compiling bsp_kth5701.c...
compiling stm32g4xx_hal_tim_ex.c...
compiling bsp_dma.c...
compiling kth7816.c...
compiling kth5701.c...
compiling bsp_drv8316.c...
compiling Motor.c...
compiling stm32g4xx_hal_uart.c...
../BSP/TIM/Src/bsp_tim.c(7): warning: In file included from...
../BSP/UART/Inc\bsp_uart.h(9): warning: In file included from...
../BSP/UART/Inc/msuart.h(94): warning: redefinition of typedef 'MSUART' is a C11 feature [-Wtypedef-redefinition]
} MSUART;
  ^
../BSP/UART/Inc/msuart.h(67): note: previous definition is here
typedef struct _MSUART MSUART;
                       ^
1 warning generated.
compiling bsp_tim.c...
compiling stm32g4xx_hal_tim.c...
../BSP/UART/Src/bsp_uart.c(1): warning: In file included from...
../BSP/UART/Inc\bsp_uart.h(9): warning: In file included from...
../BSP/UART/Inc/msuart.h(94): warning: redefinition of typedef 'MSUART' is a C11 feature [-Wtypedef-redefinition]
} MSUART;
  ^
../BSP/UART/Inc/msuart.h(67): note: previous definition is here
typedef struct _MSUART MSUART;
                       ^
1 warning generated.
compiling bsp_uart.c...
../BSP/UART/Src/msuart.c(24): warning: In file included from...
../BSP/UART/Inc\msuart.h(94): warning: redefinition of typedef 'MSUART' is a C11 feature [-Wtypedef-redefinition]
} MSUART;
  ^
../BSP/UART/Inc\msuart.h(67): note: previous definition is here
typedef struct _MSUART MSUART;
                       ^
1 warning generated.
compiling msuart.c...
../APP/Src/test.c(2): warning: In file included from...
../BSP/UART/Inc\bsp_uart.h(9): warning: In file included from...
../BSP/UART/Inc/msuart.h(94): warning: redefinition of typedef 'MSUART' is a C11 feature [-Wtypedef-redefinition]
} MSUART;
  ^
../BSP/UART/Inc/msuart.h(67): note: previous definition is here
typedef struct _MSUART MSUART;
                       ^
1 warning generated.
compiling test.c...
linking...
Program Size: Code=38754 RO-data=718 RW-data=2108 ZI-data=6228  
FromELF: creating hex file...
After Build - User command #1: fromelf --bin -o "C:\Users\lmryt\Desktop\boardtesting_add1111\wujihand-board-test-feature-v0.2\Code\JointTest_V0.5\MDK-ARM\JointTest_V0.5\JOINT_APP_TESTED.bin" "C:\Users\lmryt\Desktop\boardtesting_add1111\wujihand-board-test-feature-v0.2\Code\JointTest_V0.5\MDK-ARM\JointTest_V0.5\JOINT_APP_TESTED.axf
".\JointTest_V0.5\JOINT_APP_TESTED.axf" - 0 Error(s), 5 Warning(s).

<h2>Software Packages used:</h2>

Package Vendor: ARM
                http://www.keil.com/pack/ARM.CMSIS.5.9.0.pack
                ARM.CMSIS.5.9.0
                CMSIS (Common Microcontroller Software Interface Standard)
   * Component: CORE Version: 5.6.0

Package Vendor: Keil
                https://www.keil.com/pack/Keil.STM32G4xx_DFP.2.0.0.pack
                Keil.STM32G4xx_DFP.2.0.0
                STMicroelectronics STM32G4 Series Device Support

<h2>Collection of Component include folders:</h2>
  .\RTE\_JointTest_V0.5
  C:\Users\lmryt\AppData\Local\Arm\Packs\ARM\CMSIS\5.9.0\CMSIS\Core\Include

<h2>Collection of Component Files used:</h2>

   * Component: ARM::CMSIS:CORE:5.6.0
      Include file:  CMSIS\Core\Include\tz_context.h
Build Time Elapsed:  00:00:06
</pre>
</body>
</html>
