<html>
<body>
<pre>
<h1>µVision Build Log</h1>
<h2>Tool Versions:</h2>
IDE-Version: ¦ÌVision V5.29.0.0
Copyright (C) 2019 ARM Ltd and ARM Germany GmbH. All rights reserved.
License Information: mingrui lv, lvmingrui, LIC=MPPLD-8554Z-8TE3P-MWSXE-KLD24-I0CSH
 
Tool Versions:
Toolchain:       MDK-ARM Plus  Version: 5.29.0.0
Toolchain Path:  C:\Keil_v5\ARM\ARMCC\Bin
C Compiler:      Armcc.exe V5.06 update 6 (build 750)
Assembler:       Armasm.exe V5.06 update 6 (build 750)
Linker/Locator:  ArmLink.exe V5.06 update 6 (build 750)
Library Manager: ArmAr.exe V5.06 update 6 (build 750)
Hex Converter:   FromElf.exe V5.06 update 6 (build 750)
CPU DLL:         SARMCM3.DLL V5.29.0.0
Dialog DLL:      DCM.DLL V1.17.3.0
Target DLL:      UL2CM3.DLL V1.163.0.0
Dialog DLL:      TCM.DLL V1.36.5.0
 
<h2>Project:</h2>
C:\Users\lmryt\Desktop\boardtesting_add1111\wujihand-board-test-feature-v0.2\Code\MainTest_V0.5\MDK-ARM\MainTest_V0.5.uvprojx
Project File Date:  11/12/2025

<h2>Output:</h2>
*** Using Compiler 'V5.06 update 6 (build 750)', folder: 'C:\Keil_v5\ARM\ARMCC\Bin'
Rebuild target 'MainTest_V0.5'
assembling startup_stm32g431xx.s...
compiling crc.c...
compiling stm32g4xx_it.c...
compiling main.c...
compiling tim.c...
compiling usart.c...
compiling usbd_desc.c...
compiling stm32g4xx_hal_msp.c...
compiling usbd_cdc_if.c...
compiling i2c.c...
compiling dma.c...
compiling stm32g4xx_hal_pcd.c...
compiling usbd_conf.c...
compiling stm32g4xx_hal_pcd_ex.c...
compiling stm32g4xx_ll_usb.c...
compiling gpio.c...
compiling usb_device.c...
compiling stm32g4xx_hal.c...
compiling stm32g4xx_hal_flash_ex.c...
compiling stm32g4xx_hal_rcc.c...
compiling stm32g4xx_hal_flash.c...
compiling stm32g4xx_hal_exti.c...
compiling stm32g4xx_hal_flash_ramfunc.c...
compiling stm32g4xx_hal_dma_ex.c...
compiling stm32g4xx_hal_rcc_ex.c...
compiling stm32g4xx_hal_dma.c...
compiling stm32g4xx_hal_gpio.c...
compiling stm32g4xx_hal_crc.c...
compiling stm32g4xx_hal_pwr.c...
compiling stm32g4xx_hal_cortex.c...
compiling stm32g4xx_hal_crc_ex.c...
compiling stm32g4xx_hal_pwr_ex.c...
compiling stm32g4xx_hal_i2c.c...
compiling stm32g4xx_hal_i2c_ex.c...
compiling system_stm32g4xx.c...
compiling stm32g4xx_hal_uart_ex.c...
compiling usbd_ctlreq.c...
compiling usbd_core.c...
compiling stm32g4xx_hal_tim_ex.c...
compiling stm32g4xx_hal_uart.c...
compiling usbd_ioreq.c...
compiling bsp_dma.c...
compiling usbd_cdc.c...
compiling bsp_crc.c...
compiling stm32g4xx_hal_tim.c...
compiling bsp_key.c...
compiling bsp_kth5701.c...
compiling kth5701.c...
..\BSP\KTH5701\Src\kth5701.c(497): warning:  #546-D: transfer of control bypasses initialization of:
            variable "reg_value"  (declared at line 501)
      switch ((uint8_t)(i2c_async_ctrl.async_type))
      ^
..\BSP\KTH5701\Src\kth5701.c: 1 warning, 0 errors
compiling bsp_led.c...
compiling bsp_tim.c...
compiling bsp_uart.c...
..\BSP\UART\Src\bsp_uart.c(249): warning:  #177-D: variable "id"  was declared but never referenced
  						uint32_t id = (rx_buffer[12] << 8) | rx_buffer[13];
..\BSP\UART\Src\bsp_uart.c(229): warning:  #177-D: variable "max_recv_window"  was declared but never referenced
      uint16_t max_recv_window = control_word & 0x3FF;
..\BSP\UART\Src\bsp_uart.c(240): warning:  #177-D: variable "prefix_byte"  was declared but never referenced
      uint8_t prefix_byte = rx_buffer[7];
..\BSP\UART\Src\bsp_uart.c(283): warning:  #940-D: missing return statement at end of non-void function "Connection_Bitmap_Unpack" 
  }
..\BSP\UART\Src\bsp_uart.c: 4 warnings, 0 errors
compiling test.c...
compiling msuart.c...
compiling bsp_tps26400.c...
linking...
Program Size: Code=42734 RO-data=1222 RW-data=2552 ZI-data=11840  
FromELF: creating hex file...
".\MainTest_V0.5\MainTest_V0.5" - 0 Error(s), 5 Warning(s).

<h2>Software Packages used:</h2>

Package Vendor: ARM
                http://www.keil.com/pack/ARM.CMSIS.5.9.0.pack
                ARM.CMSIS.5.9.0
                CMSIS (Common Microcontroller Software Interface Standard)
   * Component: CORE Version: 5.6.0

Package Vendor: Keil
                https://www.keil.com/pack/Keil.STM32G4xx_DFP.2.0.0.pack
                Keil.STM32G4xx_DFP.2.0.0
                STMicroelectronics STM32G4 Series Device Support

<h2>Collection of Component include folders:</h2>
  .\RTE\_MainTest_V0.5
  C:\Users\lmryt\AppData\Local\Arm\Packs\ARM\CMSIS\5.9.0\CMSIS\Core\Include

<h2>Collection of Component Files used:</h2>

   * Component: ARM::CMSIS:CORE:5.6.0
      Include file:  CMSIS\Core\Include\tz_context.h
Build Time Elapsed:  00:00:37
</pre>
</body>
</html>
